Tests for count vowels: ........
Test for is-hex-color: ................
Tests for minkowski(): ........
Test for revers_chars: ......

DONE ======================================================================================
